// Jest Snapshot v1, https://goo.gl/fbAQLP

exports[`Snapshot Handvisualisatie takes snapshot and matchest it 1`] = `
<h1>
  Loading...
</h1>
`;
